  /home/michael/projects/grader/src/mark_mate/analyzers/react_analysis.py:401:31 - error: Argument of type "list[str | Any] | bool | str | None" cannot be assigned to parameter "obj" of type "Sized" in function "len"
  /home/michael/projects/grader/src/mark_mate/analyzers/react_analysis.py:425:42 - error: Cannot access attribute "append" for class "int"
  /home/michael/projects/grader/src/mark_mate/analyzers/react_analysis.py:427:50 - error: Cannot access attribute "append" for class "int"
  /home/michael/projects/grader/src/mark_mate/analyzers/react_analysis.py:434:48 - error: Cannot access attribute "append" for class "int"
  /home/michael/projects/grader/src/mark_mate/analyzers/react_analysis.py:438:54 - error: Cannot access attribute "append" for class "int"
  /home/michael/projects/grader/src/mark_mate/analyzers/react_analysis.py:447:46 - error: Cannot access attribute "append" for class "int"
  /home/michael/projects/grader/src/mark_mate/analyzers/react_analysis.py:452:44 - error: Cannot access attribute "append" for class "int"
  /home/michael/projects/grader/src/mark_mate/analyzers/react_analysis.py:462:48 - error: Cannot access attribute "append" for class "int"
  /home/michael/projects/grader/src/mark_mate/analyzers/react_analysis.py:466:54 - error: Cannot access attribute "append" for class "int"
  /home/michael/projects/grader/src/mark_mate/analyzers/react_analysis.py:473:50 - error: Cannot access attribute "append" for class "int"
  /home/michael/projects/grader/src/mark_mate/analyzers/react_analysis.py:479:50 - error: Cannot access attribute "append" for class "int"
  /home/michael/projects/grader/src/mark_mate/analyzers/react_analysis.py:485:50 - error: Cannot access attribute "append" for class "int"
  /home/michael/projects/grader/src/mark_mate/analyzers/react_analysis.py:490:50 - error: Cannot access attribute "append" for class "int"
  /home/michael/projects/grader/src/mark_mate/analyzers/react_analysis.py:500:21 - error: Argument of type "int | list[Unknown]" cannot be assigned to parameter "obj" of type "Sized" in function "len"
  /home/michael/projects/grader/src/mark_mate/analyzers/react_analysis.py:501:23 - error: Argument of type "int | list[Unknown]" cannot be assigned to parameter "obj" of type "Sized" in function "len"
  /home/michael/projects/grader/src/mark_mate/analyzers/react_analysis.py:503:25 - error: Argument of type "int | list[Unknown]" cannot be assigned to parameter "obj" of type "Sized" in function "len"
  /home/michael/projects/grader/src/mark_mate/analyzers/react_analysis.py:596:16 - error: Operator ">" not supported for types "int | str | list[Unknown]" and "Literal[3]"
  /home/michael/projects/grader/src/mark_mate/analyzers/react_analysis.py:597:44 - error: Cannot access attribute "append" for class "str"
  /home/michael/projects/grader/src/mark_mate/analyzers/react_analysis.py:597:44 - error: Cannot access attribute "append" for class "int"
  /home/michael/projects/grader/src/mark_mate/analyzers/react_analysis.py:602:44 - error: Cannot access attribute "append" for class "str"
  /home/michael/projects/grader/src/mark_mate/analyzers/react_analysis.py:602:44 - error: Cannot access attribute "append" for class "int"
  /home/michael/projects/grader/src/mark_mate/analyzers/react_analysis.py:607:44 - error: Cannot access attribute "append" for class "str"
  /home/michael/projects/grader/src/mark_mate/analyzers/react_analysis.py:607:44 - error: Cannot access attribute "append" for class "int"
  /home/michael/projects/grader/src/mark_mate/analyzers/react_analysis.py:616:48 - error: Cannot access attribute "append" for class "str"
  /home/michael/projects/grader/src/mark_mate/analyzers/react_analysis.py:616:48 - error: Cannot access attribute "append" for class "int"
  /home/michael/projects/grader/src/mark_mate/analyzers/react_analysis.py:717:54 - error: Cannot access attribute "append" for class "int"
  /home/michael/projects/grader/src/mark_mate/analyzers/react_analysis.py:717:54 - error: Cannot access attribute "append" for class "str"
  /home/michael/projects/grader/src/mark_mate/analyzers/react_analysis.py:782:50 - error: Cannot access attribute "append" for class "dict[Unknown, Unknown]"
  /home/michael/projects/grader/src/mark_mate/analyzers/react_analysis.py:785:64 - error: Cannot access attribute "append" for class "dict[Unknown, Unknown]"
  /home/michael/projects/grader/src/mark_mate/analyzers/react_analysis.py:885:44 - error: Cannot access attribute "append" for class "bool"
  /home/michael/projects/grader/src/mark_mate/analyzers/react_analysis.py:885:44 - error: "append" is not a known attribute of "None" (reportOptionalMemberAccess)
  /home/michael/projects/grader/src/mark_mate/analyzers/react_analysis.py:899:49 - error: Cannot access attribute "append" for class "bool"
  /home/michael/projects/grader/src/mark_mate/analyzers/react_analysis.py:899:49 - error: "append" is not a known attribute of "None" (reportOptionalMemberAccess)
  /home/michael/projects/grader/src/mark_mate/analyzers/react_analysis.py:911:21 - error: Argument of type "str | Any" cannot be assigned to parameter "value" of type "bool | list[Unknown] | None" in function "__setitem__"
  /home/michael/projects/grader/src/mark_mate/analyzers/react_analysis.py:937:44 - error: Cannot access attribute "append" for class "int"
  /home/michael/projects/grader/src/mark_mate/analyzers/react_analysis.py:941:50 - error: Cannot access attribute "append" for class "int"
  /home/michael/projects/grader/src/mark_mate/analyzers/react_analysis.py:945:50 - error: Cannot access attribute "append" for class "int"
  /home/michael/projects/grader/src/mark_mate/analyzers/react_analysis.py:953:48 - error: Cannot access attribute "append" for class "int"
  /home/michael/projects/grader/src/mark_mate/analyzers/react_analysis.py:957:54 - error: Cannot access attribute "append" for class "int"
  /home/michael/projects/grader/src/mark_mate/analyzers/react_analysis.py:965:44 - error: Cannot access attribute "append" for class "int"
  /home/michael/projects/grader/src/mark_mate/analyzers/react_analysis.py:971:50 - error: Cannot access attribute "append" for class "int"
  /home/michael/projects/grader/src/mark_mate/analyzers/react_analysis.py:975:50 - error: Cannot access attribute "append" for class "int"
  /home/michael/projects/grader/src/mark_mate/analyzers/react_analysis.py:985:50 - error: Cannot access attribute "append" for class "int"
  /home/michael/projects/grader/src/mark_mate/analyzers/react_analysis.py:991:50 - error: Cannot access attribute "append" for class "int"
  /home/michael/projects/grader/src/mark_mate/analyzers/react_analysis.py:999:21 - error: Argument of type "int | list[Unknown]" cannot be assigned to parameter "obj" of type "Sized" in function "len"
  /home/michael/projects/grader/src/mark_mate/analyzers/react_analysis.py:1000:23 - error: Argument of type "int | list[Unknown]" cannot be assigned to parameter "obj" of type "Sized" in function "len"
  /home/michael/projects/grader/src/mark_mate/analyzers/react_analysis.py:1002:25 - error: Argument of type "int | list[Unknown]" cannot be assigned to parameter "obj" of type "Sized" in function "len"
  /home/michael/projects/grader/src/mark_mate/analyzers/react_analysis.py:1096:44 - error: Cannot access attribute "append" for class "str"
  /home/michael/projects/grader/src/mark_mate/analyzers/react_analysis.py:1096:44 - error: Cannot access attribute "append" for class "int"
  /home/michael/projects/grader/src/mark_mate/analyzers/react_analysis.py:1101:44 - error: Cannot access attribute "append" for class "str"
  /home/michael/projects/grader/src/mark_mate/analyzers/react_analysis.py:1101:44 - error: Cannot access attribute "append" for class "int"
  /home/michael/projects/grader/src/mark_mate/analyzers/react_analysis.py:1105:16 - error: Operator ">" not supported for types "int | str | list[Unknown]" and "Literal[2]"
  /home/michael/projects/grader/src/mark_mate/analyzers/react_analysis.py:1106:44 - error: Cannot access attribute "append" for class "str"
  /home/michael/projects/grader/src/mark_mate/analyzers/react_analysis.py:1106:44 - error: Cannot access attribute "append" for class "int"
  /home/michael/projects/grader/src/mark_mate/analyzers/react_analysis.py:1295:12 - error: Operator ">" not supported for types "int | list[Unknown]" and "Literal[100]"
  /home/michael/projects/grader/src/mark_mate/analyzers/react_analysis.py:1325:50 - error: Cannot access attribute "append" for class "str"
  /home/michael/projects/grader/src/mark_mate/analyzers/react_analysis.py:1327:48 - error: Cannot access attribute "append" for class "str"
  /home/michael/projects/grader/src/mark_mate/analyzers/react_analysis.py:1329:49 - error: Cannot access attribute "append" for class "str"
  /home/michael/projects/grader/src/mark_mate/analyzers/react_analysis.py:1333:52 - error: Cannot access attribute "append" for class "str"
  /home/michael/projects/grader/src/mark_mate/analyzers/react_analysis.py:1434:45 - error: Cannot access attribute "append" for class "bool"
  /home/michael/projects/grader/src/mark_mate/analyzers/react_analysis.py:1434:45 - error: Cannot access attribute "append" for class "str"
  /home/michael/projects/grader/src/mark_mate/analyzers/react_analysis.py:1467:37 - error: Cannot access attribute "append" for class "bool"
  /home/michael/projects/grader/src/mark_mate/analyzers/react_analysis.py:1469:37 - error: Cannot access attribute "append" for class "bool"
  /home/michael/projects/grader/src/mark_mate/analyzers/react_analysis.py:1494:37 - error: Cannot access attribute "append" for class "bool"
  /home/michael/projects/grader/src/mark_mate/analyzers/react_analysis.py:1496:37 - error: Cannot access attribute "append" for class "bool"
  /home/michael/projects/grader/src/mark_mate/analyzers/react_analysis.py:1498:37 - error: Cannot access attribute "append" for class "bool"
  /home/michael/projects/grader/src/mark_mate/analyzers/static_analysis.py:253:29 - error: "__getitem__" method not defined on type "int" (reportIndexIssue)
  /home/michael/projects/grader/src/mark_mate/analyzers/static_analysis.py:253:29 - error: "__getitem__" method not defined on type "float" (reportIndexIssue)
  /home/michael/projects/grader/src/mark_mate/analyzers/static_analysis.py:253:29 - error: "__setitem__" method not defined on type "int" (reportIndexIssue)
  /home/michael/projects/grader/src/mark_mate/analyzers/static_analysis.py:253:29 - error: "__setitem__" method not defined on type "float" (reportIndexIssue)
  /home/michael/projects/grader/src/mark_mate/analyzers/static_analysis.py:317:51 - error: Cannot access attribute "append" for class "int"
  /home/michael/projects/grader/src/mark_mate/analyzers/static_analysis.py:317:51 - error: Cannot access attribute "append" for class "dict[str, int]"
  /home/michael/projects/grader/src/mark_mate/analyzers/static_analysis.py:328:33 - error: "__getitem__" method not defined on type "int" (reportIndexIssue)
  /home/michael/projects/grader/src/mark_mate/analyzers/static_analysis.py:328:33 - error: No overloads for "__getitem__" match the provided arguments (reportCallIssue)
  /home/michael/projects/grader/src/mark_mate/analyzers/static_analysis.py:328:33 - error: Argument of type "Literal['errors']" cannot be assigned to parameter "s" of type "slice[Any, Any, Any]" in function "__getitem__"
  /home/michael/projects/grader/src/mark_mate/analyzers/static_analysis.py:328:33 - error: "__setitem__" method not defined on type "int" (reportIndexIssue)
  /home/michael/projects/grader/src/mark_mate/analyzers/static_analysis.py:328:33 - error: No overloads for "__setitem__" match the provided arguments (reportCallIssue)
  /home/michael/projects/grader/src/mark_mate/analyzers/static_analysis.py:328:33 - error: Argument of type "Literal['errors']" cannot be assigned to parameter "key" of type "SupportsIndex" in function "__setitem__"
  /home/michael/projects/grader/src/mark_mate/analyzers/static_analysis.py:330:33 - error: "__getitem__" method not defined on type "int" (reportIndexIssue)
  /home/michael/projects/grader/src/mark_mate/analyzers/static_analysis.py:330:33 - error: No overloads for "__getitem__" match the provided arguments (reportCallIssue)
  /home/michael/projects/grader/src/mark_mate/analyzers/static_analysis.py:330:33 - error: Argument of type "Literal['notes']" cannot be assigned to parameter "s" of type "slice[Any, Any, Any]" in function "__getitem__"
  /home/michael/projects/grader/src/mark_mate/analyzers/static_analysis.py:330:33 - error: "__setitem__" method not defined on type "int" (reportIndexIssue)
  /home/michael/projects/grader/src/mark_mate/analyzers/static_analysis.py:330:33 - error: No overloads for "__setitem__" match the provided arguments (reportCallIssue)
  /home/michael/projects/grader/src/mark_mate/analyzers/static_analysis.py:330:33 - error: Argument of type "Literal['notes']" cannot be assigned to parameter "key" of type "SupportsIndex" in function "__setitem__"
  /home/michael/projects/grader/src/mark_mate/analyzers/static_analysis.py:332:17 - error: "__setitem__" method not defined on type "int" (reportIndexIssue)
  /home/michael/projects/grader/src/mark_mate/analyzers/static_analysis.py:332:17 - error: No overloads for "__setitem__" match the provided arguments (reportCallIssue)
  /home/michael/projects/grader/src/mark_mate/analyzers/static_analysis.py:332:17 - error: Argument of type "Literal['total_issues']" cannot be assigned to parameter "key" of type "SupportsIndex" in function "__setitem__"
  /home/michael/projects/grader/src/mark_mate/analyzers/static_analysis.py:332:62 - error: Argument of type "int | dict[str, int] | list[Unknown]" cannot be assigned to parameter "obj" of type "Sized" in function "len"
  /home/michael/projects/grader/src/mark_mate/analyzers/static_analysis.py:386:45 - error: Cannot access attribute "append" for class "dict[str, int]"
  /home/michael/projects/grader/src/mark_mate/analyzers/static_analysis.py:386:45 - error: Cannot access attribute "append" for class "dict[str, bool | float]"
  /home/michael/projects/grader/src/mark_mate/analyzers/static_analysis.py:387:21 - error: No overloads for "__getitem__" match the provided arguments (reportCallIssue)
  /home/michael/projects/grader/src/mark_mate/analyzers/static_analysis.py:387:21 - error: Argument of type "Literal['total_functions']" cannot be assigned to parameter "s" of type "slice[Any, Any, Any]" in function "__getitem__"
  /home/michael/projects/grader/src/mark_mate/analyzers/static_analysis.py:387:21 - error: Argument of type "int | float | Unknown" cannot be assigned to parameter "value" of type "int" in function "__setitem__"
  /home/michael/projects/grader/src/mark_mate/analyzers/static_analysis.py:387:21 - error: No overloads for "__setitem__" match the provided arguments (reportCallIssue)
  /home/michael/projects/grader/src/mark_mate/analyzers/static_analysis.py:387:21 - error: Argument of type "Literal['total_functions']" cannot be assigned to parameter "key" of type "SupportsIndex" in function "__setitem__"
  /home/michael/projects/grader/src/mark_mate/analyzers/static_analysis.py:388:21 - error: No overloads for "__getitem__" match the provided arguments (reportCallIssue)
  /home/michael/projects/grader/src/mark_mate/analyzers/static_analysis.py:388:21 - error: Argument of type "Literal['cyclomatic_complexity']" cannot be assigned to parameter "s" of type "slice[Any, Any, Any]" in function "__getitem__"
  /home/michael/projects/grader/src/mark_mate/analyzers/static_analysis.py:388:21 - error: Operator "+=" not supported for types "int | bool | float | Unknown" and "str | int | bool"
  /home/michael/projects/grader/src/mark_mate/analyzers/static_analysis.py:388:21 - error: Argument of type "Unknown | int | float" cannot be assigned to parameter "value" of type "int" in function "__setitem__"
  /home/michael/projects/grader/src/mark_mate/analyzers/static_analysis.py:388:21 - error: No overloads for "__setitem__" match the provided arguments (reportCallIssue)
  /home/michael/projects/grader/src/mark_mate/analyzers/static_analysis.py:388:21 - error: Argument of type "Literal['cyclomatic_complexity']" cannot be assigned to parameter "key" of type "SupportsIndex" in function "__setitem__"
  /home/michael/projects/grader/src/mark_mate/analyzers/static_analysis.py:393:25 - error: No overloads for "__setitem__" match the provided arguments (reportCallIssue)
  /home/michael/projects/grader/src/mark_mate/analyzers/static_analysis.py:393:25 - error: Argument of type "Literal['has_docstrings']" cannot be assigned to parameter "key" of type "SupportsIndex" in function "__setitem__"
  /home/michael/projects/grader/src/mark_mate/analyzers/static_analysis.py:406:43 - error: Cannot access attribute "append" for class "dict[str, int]"
  /home/michael/projects/grader/src/mark_mate/analyzers/static_analysis.py:406:43 - error: Cannot access attribute "append" for class "dict[str, bool | float]"
  /home/michael/projects/grader/src/mark_mate/analyzers/static_analysis.py:407:21 - error: No overloads for "__getitem__" match the provided arguments (reportCallIssue)
  /home/michael/projects/grader/src/mark_mate/analyzers/static_analysis.py:407:21 - error: Argument of type "Literal['total_classes']" cannot be assigned to parameter "s" of type "slice[Any, Any, Any]" in function "__getitem__"
  /home/michael/projects/grader/src/mark_mate/analyzers/static_analysis.py:407:21 - error: Argument of type "int | float | Unknown" cannot be assigned to parameter "value" of type "int" in function "__setitem__"
  /home/michael/projects/grader/src/mark_mate/analyzers/static_analysis.py:407:21 - error: No overloads for "__setitem__" match the provided arguments (reportCallIssue)
  /home/michael/projects/grader/src/mark_mate/analyzers/static_analysis.py:407:21 - error: Argument of type "Literal['total_classes']" cannot be assigned to parameter "key" of type "SupportsIndex" in function "__setitem__"
  /home/michael/projects/grader/src/mark_mate/analyzers/static_analysis.py:410:25 - error: No overloads for "__setitem__" match the provided arguments (reportCallIssue)
  /home/michael/projects/grader/src/mark_mate/analyzers/static_analysis.py:410:25 - error: Argument of type "Literal['has_docstrings']" cannot be assigned to parameter "key" of type "SupportsIndex" in function "__setitem__"
  /home/michael/projects/grader/src/mark_mate/analyzers/static_analysis.py:416:51 - error: Cannot access attribute "append" for class "dict[str, int]"
  /home/michael/projects/grader/src/mark_mate/analyzers/static_analysis.py:416:51 - error: Cannot access attribute "append" for class "dict[str, bool | float]"
  /home/michael/projects/grader/src/mark_mate/analyzers/static_analysis.py:426:51 - error: Cannot access attribute "append" for class "dict[str, int]"
  /home/michael/projects/grader/src/mark_mate/analyzers/static_analysis.py:426:51 - error: Cannot access attribute "append" for class "dict[str, bool | float]"
  /home/michael/projects/grader/src/mark_mate/analyzers/static_analysis.py:436:21 - error: No overloads for "__getitem__" match the provided arguments (reportCallIssue)
  /home/michael/projects/grader/src/mark_mate/analyzers/static_analysis.py:436:21 - error: Argument of type "Literal['total_imports']" cannot be assigned to parameter "s" of type "slice[Any, Any, Any]" in function "__getitem__"
  /home/michael/projects/grader/src/mark_mate/analyzers/static_analysis.py:436:21 - error: Argument of type "int | float | Unknown" cannot be assigned to parameter "value" of type "int" in function "__setitem__"
  /home/michael/projects/grader/src/mark_mate/analyzers/static_analysis.py:436:21 - error: No overloads for "__setitem__" match the provided arguments (reportCallIssue)
  /home/michael/projects/grader/src/mark_mate/analyzers/static_analysis.py:436:21 - error: Argument of type "Literal['total_imports']" cannot be assigned to parameter "key" of type "SupportsIndex" in function "__setitem__"
  /home/michael/projects/grader/src/mark_mate/analyzers/static_analysis.py:450:25 - error: No overloads for "__setitem__" match the provided arguments (reportCallIssue)
  /home/michael/projects/grader/src/mark_mate/analyzers/static_analysis.py:450:25 - error: Argument of type "Literal['has_main_guard']" cannot be assigned to parameter "key" of type "SupportsIndex" in function "__setitem__"
  /home/michael/projects/grader/src/mark_mate/analyzers/static_analysis.py:453:16 - error: No overloads for "__getitem__" match the provided arguments (reportCallIssue)
  /home/michael/projects/grader/src/mark_mate/analyzers/static_analysis.py:453:16 - error: Argument of type "Literal['total_functions']" cannot be assigned to parameter "s" of type "slice[Any, Any, Any]" in function "__getitem__"
  /home/michael/projects/grader/src/mark_mate/analyzers/static_analysis.py:455:59 - error: Argument of type "Literal['has_docstring']" cannot be assigned to parameter "key" of type "SupportsIndex | slice[Any, Any, Any]" in function "__getitem__"
  /home/michael/projects/grader/src/mark_mate/analyzers/static_analysis.py:457:17 - error: Argument of type "float | Unknown" cannot be assigned to parameter "value" of type "int" in function "__setitem__"
  /home/michael/projects/grader/src/mark_mate/analyzers/static_analysis.py:457:17 - error: No overloads for "__setitem__" match the provided arguments (reportCallIssue)
  /home/michael/projects/grader/src/mark_mate/analyzers/static_analysis.py:457:17 - error: Argument of type "Literal['function_docstring_coverage']" cannot be assigned to parameter "key" of type "SupportsIndex" in function "__setitem__"
  /home/michael/projects/grader/src/mark_mate/analyzers/static_analysis.py:459:23 - error: No overloads for "__getitem__" match the provided arguments (reportCallIssue)
  /home/michael/projects/grader/src/mark_mate/analyzers/static_analysis.py:459:23 - error: Argument of type "Literal['total_functions']" cannot be assigned to parameter "s" of type "slice[Any, Any, Any]" in function "__getitem__"
  /home/michael/projects/grader/src/mark_mate/analyzers/static_analysis.py:462:16 - error: No overloads for "__getitem__" match the provided arguments (reportCallIssue)
  /home/michael/projects/grader/src/mark_mate/analyzers/static_analysis.py:462:16 - error: Argument of type "Literal['total_classes']" cannot be assigned to parameter "s" of type "slice[Any, Any, Any]" in function "__getitem__"
  /home/michael/projects/grader/src/mark_mate/analyzers/static_analysis.py:464:57 - error: Argument of type "Literal['has_docstring']" cannot be assigned to parameter "key" of type "SupportsIndex | slice[Any, Any, Any]" in function "__getitem__"
  /home/michael/projects/grader/src/mark_mate/analyzers/static_analysis.py:466:17 - error: Argument of type "float | Unknown" cannot be assigned to parameter "value" of type "int" in function "__setitem__"
  /home/michael/projects/grader/src/mark_mate/analyzers/static_analysis.py:466:17 - error: No overloads for "__setitem__" match the provided arguments (reportCallIssue)
  /home/michael/projects/grader/src/mark_mate/analyzers/static_analysis.py:466:17 - error: Argument of type "Literal['class_docstring_coverage']" cannot be assigned to parameter "key" of type "SupportsIndex" in function "__setitem__"
  /home/michael/projects/grader/src/mark_mate/analyzers/static_analysis.py:468:23 - error: No overloads for "__getitem__" match the provided arguments (reportCallIssue)
  /home/michael/projects/grader/src/mark_mate/analyzers/static_analysis.py:468:23 - error: Argument of type "Literal['total_classes']" cannot be assigned to parameter "s" of type "slice[Any, Any, Any]" in function "__getitem__"
  /home/michael/projects/grader/src/mark_mate/analyzers/web_validation.py:24:5 - error: "WEB_TOOLS_AVAILABLE" is constant (because it is uppercase) and cannot be redefined (reportConstantRedefinition)
    Type of "setLevel" is "((msg: str = '', token: Unknown | None = None, error: type[SyntaxErr] = xml.dom.SyntaxErr, neverraise: bool = False, args: Unknown | None = None) -> None) | Any" (reportUnknownMemberType)
  /home/michael/projects/grader/src/mark_mate/analyzers/web_validation.py:43:13 - error: "cssutils" is possibly unbound (reportPossiblyUnboundVariable)
  /home/michael/projects/grader/src/mark_mate/analyzers/web_validation.py:43:35 - error: Argument of type "Literal[40]" cannot be assigned to parameter "msg" of type "str" in function "__handle"
  /home/michael/projects/grader/src/mark_mate/analyzers/web_validation.py:77:25 - error: "BeautifulSoup" is possibly unbound (reportPossiblyUnboundVariable)
  /home/michael/projects/grader/src/mark_mate/analyzers/web_validation.py:105:22 - error: "html5lib" is possibly unbound (reportPossiblyUnboundVariable)
  /home/michael/projects/grader/src/mark_mate/analyzers/web_validation.py:119:24 - error: "BeautifulSoup" is possibly unbound (reportPossiblyUnboundVariable)
  /home/michael/projects/grader/src/mark_mate/analyzers/web_validation.py:148:68 - error: Cannot access attribute "get" for class "PageElement"
  /home/michael/projects/grader/src/mark_mate/analyzers/web_validation.py:148:68 - error: Cannot access attribute "get" for class "NavigableString"
  /home/michael/projects/grader/src/mark_mate/analyzers/web_validation.py:150:41 - error: Cannot access attribute "append" for class "int"
  /home/michael/projects/grader/src/mark_mate/analyzers/web_validation.py:154:49 - error: Cannot access attribute "append" for class "int"
  /home/michael/projects/grader/src/mark_mate/analyzers/web_validation.py:162:39 - error: Cannot access attribute "get" for class "PageElement"
  /home/michael/projects/grader/src/mark_mate/analyzers/web_validation.py:162:39 - error: Cannot access attribute "get" for class "NavigableString"
  /home/michael/projects/grader/src/mark_mate/analyzers/web_validation.py:167:41 - error: Cannot access attribute "append" for class "int"
  /home/michael/projects/grader/src/mark_mate/analyzers/web_validation.py:171:49 - error: Cannot access attribute "append" for class "int"
  /home/michael/projects/grader/src/mark_mate/analyzers/web_validation.py:178:39 - error: Object of type "None" is not subscriptable (reportOptionalSubscript)
  /home/michael/projects/grader/src/mark_mate/analyzers/web_validation.py:178:41 - error: Cannot access attribute "name" for class "PageElement"
  /home/michael/projects/grader/src/mark_mate/analyzers/web_validation.py:180:47 - error: Cannot access attribute "append" for class "int"
  /home/michael/projects/grader/src/mark_mate/analyzers/web_validation.py:187:51 - error: Cannot access attribute "append" for class "int"
  /home/michael/projects/grader/src/mark_mate/analyzers/web_validation.py:192:43 - error: Cannot access attribute "append" for class "int"
  /home/michael/projects/grader/src/mark_mate/analyzers/web_validation.py:196:45 - error: Cannot access attribute "get" for class "PageElement"
  /home/michael/projects/grader/src/mark_mate/analyzers/web_validation.py:196:45 - error: Cannot access attribute "get" for class "NavigableString"
  /home/michael/projects/grader/src/mark_mate/analyzers/web_validation.py:197:41 - error: Cannot access attribute "append" for class "int"
  /home/michael/projects/grader/src/mark_mate/analyzers/web_validation.py:199:49 - error: Cannot access attribute "append" for class "int"
  /home/michael/projects/grader/src/mark_mate/analyzers/web_validation.py:208:43 - error: Cannot access attribute "append" for class "int"
  /home/michael/projects/grader/src/mark_mate/analyzers/web_validation.py:221:43 - error: Cannot access attribute "append" for class "int"
  /home/michael/projects/grader/src/mark_mate/analyzers/web_validation.py:231:21 - error: Argument of type "int | list[Unknown]" cannot be assigned to parameter "obj" of type "Sized" in function "len"
  /home/michael/projects/grader/src/mark_mate/analyzers/web_validation.py:232:23 - error: Argument of type "int | list[Unknown]" cannot be assigned to parameter "obj" of type "Sized" in function "len"
  /home/michael/projects/grader/src/mark_mate/analyzers/web_validation.py:236:13 - error: Argument of type "float" cannot be assigned to parameter "value" of type "int | list[Unknown]" in function "__setitem__"
  /home/michael/projects/grader/src/mark_mate/analyzers/web_validation.py:259:44 - error: Cannot access attribute "append" for class "int"
  /home/michael/projects/grader/src/mark_mate/analyzers/web_validation.py:263:50 - error: Cannot access attribute "append" for class "int"
  /home/michael/projects/grader/src/mark_mate/analyzers/web_validation.py:270:44 - error: Cannot access attribute "append" for class "int"
  /home/michael/projects/grader/src/mark_mate/analyzers/web_validation.py:274:50 - error: Cannot access attribute "append" for class "int"
  /home/michael/projects/grader/src/mark_mate/analyzers/web_validation.py:281:42 - error: Cannot access attribute "append" for class "int"
  /home/michael/projects/grader/src/mark_mate/analyzers/web_validation.py:283:44 - error: Cannot access attribute "append" for class "int"
  /home/michael/projects/grader/src/mark_mate/analyzers/web_validation.py:287:50 - error: Cannot access attribute "append" for class "int"
  /home/michael/projects/grader/src/mark_mate/analyzers/web_validation.py:292:44 - error: Cannot access attribute "append" for class "int"
  /home/michael/projects/grader/src/mark_mate/analyzers/web_validation.py:293:22 - error: Argument of type "_AttributeValue | Unknown | None" cannot be assigned to parameter "obj" of type "Sized" in function "len"
  /home/michael/projects/grader/src/mark_mate/analyzers/web_validation.py:293:32 - error: Cannot access attribute "get" for class "PageElement"
  /home/michael/projects/grader/src/mark_mate/analyzers/web_validation.py:293:32 - error: Cannot access attribute "get" for class "NavigableString"
  /home/michael/projects/grader/src/mark_mate/analyzers/web_validation.py:294:44 - error: Cannot access attribute "append" for class "int"
  /home/michael/projects/grader/src/mark_mate/analyzers/web_validation.py:298:50 - error: Cannot access attribute "append" for class "int"
  /home/michael/projects/grader/src/mark_mate/analyzers/web_validation.py:305:50 - error: Cannot access attribute "append" for class "int"
  /home/michael/projects/grader/src/mark_mate/analyzers/web_validation.py:307:44 - error: Cannot access attribute "append" for class "int"
  /home/michael/projects/grader/src/mark_mate/analyzers/web_validation.py:316:44 - error: Cannot access attribute "append" for class "int"
  /home/michael/projects/grader/src/mark_mate/analyzers/web_validation.py:323:44 - error: Cannot access attribute "append" for class "int"
  /home/michael/projects/grader/src/mark_mate/analyzers/web_validation.py:333:21 - error: Argument of type "int | list[Unknown]" cannot be assigned to parameter "obj" of type "Sized" in function "len"
  /home/michael/projects/grader/src/mark_mate/analyzers/web_validation.py:334:23 - error: Argument of type "int | list[Unknown]" cannot be assigned to parameter "obj" of type "Sized" in function "len"
  /home/michael/projects/grader/src/mark_mate/analyzers/web_validation.py:338:13 - error: Argument of type "float" cannot be assigned to parameter "value" of type "int | list[Unknown]" in function "__setitem__"
  /home/michael/projects/grader/src/mark_mate/analyzers/web_validation.py:356:43 - error: Cannot access attribute "append" for class "int"
  /home/michael/projects/grader/src/mark_mate/analyzers/web_validation.py:358:37 - error: Cannot access attribute "append" for class "int"
  /home/michael/projects/grader/src/mark_mate/analyzers/web_validation.py:360:37 - error: Cannot access attribute "append" for class "int"
  /home/michael/projects/grader/src/mark_mate/analyzers/web_validation.py:365:39 - error: Cannot access attribute "append" for class "int"
  /home/michael/projects/grader/src/mark_mate/analyzers/web_validation.py:367:31 - error: Cannot access attribute "append" for class "int"
  /home/michael/projects/grader/src/mark_mate/analyzers/web_validation.py:369:33 - error: Cannot access attribute "append" for class "int"
  /home/michael/projects/grader/src/mark_mate/analyzers/web_validation.py:373:68 - error: Cannot access attribute "get" for class "PageElement"
  /home/michael/projects/grader/src/mark_mate/analyzers/web_validation.py:373:68 - error: Cannot access attribute "get" for class "NavigableString"
  /home/michael/projects/grader/src/mark_mate/analyzers/web_validation.py:375:39 - error: Cannot access attribute "append" for class "int"
  /home/michael/projects/grader/src/mark_mate/analyzers/web_validation.py:380:39 - error: Cannot access attribute "append" for class "int"
  /home/michael/projects/grader/src/mark_mate/analyzers/web_validation.py:388:21 - error: Argument of type "int | list[Unknown]" cannot be assigned to parameter "obj" of type "Sized" in function "len"
  /home/michael/projects/grader/src/mark_mate/analyzers/web_validation.py:389:23 - error: Argument of type "int | list[Unknown]" cannot be assigned to parameter "obj" of type "Sized" in function "len"
  /home/michael/projects/grader/src/mark_mate/analyzers/web_validation.py:393:13 - error: Argument of type "float" cannot be assigned to parameter "value" of type "int | list[Unknown]" in function "__setitem__"
  /home/michael/projects/grader/src/mark_mate/analyzers/web_validation.py:426:21 - error: Operator "+=" not supported for types "str | int | list[Unknown]" and "int"
  /home/michael/projects/grader/src/mark_mate/analyzers/web_validation.py:427:21 - error: Operator "+=" not supported for types "str | int | list[Unknown]" and "int"
  /home/michael/projects/grader/src/mark_mate/analyzers/web_validation.py:439:17 - error: Argument of type "float" cannot be assigned to parameter "value" of type "str | int | list[Unknown]" in function "__setitem__"
  /home/michael/projects/grader/src/mark_mate/analyzers/web_validation.py:442:43 - error: Operator "<=" not supported for types "str | int | Unknown | list[Unknown]" and "Literal[2]"
  /home/michael/projects/grader/src/mark_mate/analyzers/web_validation.py:444:18 - error: Operator "<=" not supported for types "str | int | Unknown | list[Unknown]" and "Literal[1]"
  /home/michael/projects/grader/src/mark_mate/analyzers/web_validation.py:444:45 - error: Operator "<=" not supported for types "str | int | Unknown | list[Unknown]" and "Literal[5]"
  /home/michael/projects/grader/src/mark_mate/analyzers/web_validation.py:446:18 - error: Operator "<=" not supported for types "str | int | Unknown | list[Unknown]" and "Literal[3]"
  /home/michael/projects/grader/src/mark_mate/analyzers/web_validation.py:446:45 - error: Operator "<=" not supported for types "str | int | Unknown | list[Unknown]" and "Literal[10]"
  /home/michael/projects/grader/src/mark_mate/analyzers/web_validation.py:452:16 - error: Operator ">" not supported for types "str | int | Unknown | list[Unknown]" and "Literal[0]"
  /home/michael/projects/grader/src/mark_mate/analyzers/web_validation.py:453:44 - error: Cannot access attribute "append" for class "str"
  /home/michael/projects/grader/src/mark_mate/analyzers/web_validation.py:453:44 - error: Cannot access attribute "append" for class "int"
  /home/michael/projects/grader/src/mark_mate/analyzers/web_validation.py:458:48 - error: Cannot access attribute "append" for class "str"
  /home/michael/projects/grader/src/mark_mate/analyzers/web_validation.py:458:48 - error: Cannot access attribute "append" for class "int"
  /home/michael/projects/grader/src/mark_mate/analyzers/web_validation.py:465:48 - error: Cannot access attribute "append" for class "str"
  /home/michael/projects/grader/src/mark_mate/analyzers/web_validation.py:465:48 - error: Cannot access attribute "append" for class "int"
  /home/michael/projects/grader/src/mark_mate/analyzers/web_validation.py:470:48 - error: Cannot access attribute "append" for class "str"
  /home/michael/projects/grader/src/mark_mate/analyzers/web_validation.py:470:48 - error: Cannot access attribute "append" for class "int"
    Type of "setLevel" is "((msg: str = '', token: Unknown | None = None, error: type[SyntaxErr] = xml.dom.SyntaxErr, neverraise: bool = False, args: Unknown | None = None) -> None) | Any" (reportUnknownMemberType)
  /home/michael/projects/grader/src/mark_mate/analyzers/web_validation.py:489:13 - error: "cssutils" is possibly unbound (reportPossiblyUnboundVariable)
  /home/michael/projects/grader/src/mark_mate/analyzers/web_validation.py:489:35 - error: Argument of type "Literal[40]" cannot be assigned to parameter "msg" of type "str" in function "__handle"
  /home/michael/projects/grader/src/mark_mate/analyzers/web_validation.py:533:21 - error: "cssutils" is possibly unbound (reportPossiblyUnboundVariable)
  /home/michael/projects/grader/src/mark_mate/analyzers/web_validation.py:547:21 - error: Operator "+=" not supported for types "bool | int | list[Unknown]" and "Literal[1]"
  /home/michael/projects/grader/src/mark_mate/analyzers/web_validation.py:553:21 - error: Operator "+=" not supported for types "bool | int | list[Unknown]" and "Literal[1]"
  /home/michael/projects/grader/src/mark_mate/analyzers/web_validation.py:582:46 - error: Cannot access attribute "append" for class "int"
  /home/michael/projects/grader/src/mark_mate/analyzers/web_validation.py:586:48 - error: Cannot access attribute "append" for class "int"
  /home/michael/projects/grader/src/mark_mate/analyzers/web_validation.py:590:50 - error: Cannot access attribute "append" for class "int"
  /home/michael/projects/grader/src/mark_mate/analyzers/web_validation.py:594:50 - error: Cannot access attribute "append" for class "int"
  /home/michael/projects/grader/src/mark_mate/analyzers/web_validation.py:599:50 - error: Cannot access attribute "append" for class "int"
  /home/michael/projects/grader/src/mark_mate/analyzers/web_validation.py:616:50 - error: Cannot access attribute "append" for class "int"
  /home/michael/projects/grader/src/mark_mate/analyzers/web_validation.py:623:44 - error: Cannot access attribute "append" for class "int"
  /home/michael/projects/grader/src/mark_mate/analyzers/web_validation.py:633:21 - error: Argument of type "int | list[Unknown]" cannot be assigned to parameter "obj" of type "Sized" in function "len"
  /home/michael/projects/grader/src/mark_mate/analyzers/web_validation.py:634:23 - error: Argument of type "int | list[Unknown]" cannot be assigned to parameter "obj" of type "Sized" in function "len"
  /home/michael/projects/grader/src/mark_mate/analyzers/web_validation.py:638:13 - error: Argument of type "float" cannot be assigned to parameter "value" of type "int | list[Unknown]" in function "__setitem__"
  /home/michael/projects/grader/src/mark_mate/analyzers/web_validation.py:658:13 - error: No overloads for "__setitem__" match the provided arguments (reportCallIssue)
  /home/michael/projects/grader/src/mark_mate/analyzers/web_validation.py:658:13 - error: Argument of type "Literal['file_size_bytes']" cannot be assigned to parameter "key" of type "SupportsIndex" in function "__setitem__"
  /home/michael/projects/grader/src/mark_mate/analyzers/web_validation.py:659:13 - error: No overloads for "__setitem__" match the provided arguments (reportCallIssue)
  /home/michael/projects/grader/src/mark_mate/analyzers/web_validation.py:659:13 - error: Argument of type "Literal['file_size_kb']" cannot be assigned to parameter "key" of type "SupportsIndex" in function "__setitem__"
  /home/michael/projects/grader/src/mark_mate/analyzers/web_validation.py:662:41 - error: Cannot access attribute "append" for class "dict[Unknown, Unknown]"
  /home/michael/projects/grader/src/mark_mate/analyzers/web_validation.py:663:40 - error: No overloads for "__getitem__" match the provided arguments (reportCallIssue)
  /home/michael/projects/grader/src/mark_mate/analyzers/web_validation.py:663:40 - error: Argument of type "Literal['file_size_kb']" cannot be assigned to parameter "s" of type "slice[Any, Any, Any]" in function "__getitem__"
  /home/michael/projects/grader/src/mark_mate/analyzers/web_validation.py:671:41 - error: Cannot access attribute "append" for class "dict[Unknown, Unknown]"
  /home/michael/projects/grader/src/mark_mate/analyzers/web_validation.py:678:41 - error: Cannot access attribute "append" for class "dict[Unknown, Unknown]"
  /home/michael/projects/grader/src/mark_mate/analyzers/web_validation.py:691:41 - error: Cannot access attribute "append" for class "dict[Unknown, Unknown]"
  /home/michael/projects/grader/src/mark_mate/analyzers/web_validation.py:718:21 - error: Operator "+=" not supported for types "str | int | list[Unknown]" and "int"
  /home/michael/projects/grader/src/mark_mate/analyzers/web_validation.py:738:17 - error: Argument of type "float" cannot be assigned to parameter "value" of type "str | int | list[Unknown]" in function "__setitem__"
  /home/michael/projects/grader/src/mark_mate/analyzers/web_validation.py:741:16 - error: Operator "<=" not supported for types "str | int | Unknown | list[Unknown]" and "Literal[2]"
  /home/michael/projects/grader/src/mark_mate/analyzers/web_validation.py:743:18 - error: Operator "<=" not supported for types "str | int | Unknown | list[Unknown]" and "Literal[5]"
  /home/michael/projects/grader/src/mark_mate/analyzers/web_validation.py:745:18 - error: Operator "<=" not supported for types "str | int | Unknown | list[Unknown]" and "Literal[10]"
  /home/michael/projects/grader/src/mark_mate/analyzers/web_validation.py:754:44 - error: Cannot access attribute "append" for class "str"
  /home/michael/projects/grader/src/mark_mate/analyzers/web_validation.py:754:44 - error: Cannot access attribute "append" for class "int"
  /home/michael/projects/grader/src/mark_mate/analyzers/web_validation.py:759:48 - error: Cannot access attribute "append" for class "str"
  /home/michael/projects/grader/src/mark_mate/analyzers/web_validation.py:759:48 - error: Cannot access attribute "append" for class "int"
  /home/michael/projects/grader/src/mark_mate/analyzers/web_validation.py:764:48 - error: Cannot access attribute "append" for class "str"
  /home/michael/projects/grader/src/mark_mate/analyzers/web_validation.py:764:48 - error: Cannot access attribute "append" for class "int"
  /home/michael/projects/grader/src/mark_mate/analyzers/web_validation.py:852:52 - error: Cannot access attribute "append" for class "int"
  /home/michael/projects/grader/src/mark_mate/analyzers/web_validation.py:858:56 - error: Cannot access attribute "append" for class "int"
  /home/michael/projects/grader/src/mark_mate/analyzers/web_validation.py:864:40 - error: Cannot access attribute "append" for class "int"
  /home/michael/projects/grader/src/mark_mate/analyzers/web_validation.py:870:42 - error: Cannot access attribute "append" for class "int"
  /home/michael/projects/grader/src/mark_mate/analyzers/web_validation.py:889:50 - error: Cannot access attribute "append" for class "int"
  /home/michael/projects/grader/src/mark_mate/analyzers/web_validation.py:896:21 - error: Argument of type "int | list[Unknown]" cannot be assigned to parameter "obj" of type "Sized" in function "len"
  /home/michael/projects/grader/src/mark_mate/analyzers/web_validation.py:896:56 - error: Argument of type "int | list[Unknown]" cannot be assigned to parameter "obj" of type "Sized" in function "len"
  /home/michael/projects/grader/src/mark_mate/analyzers/web_validation.py:918:50 - error: Cannot access attribute "append" for class "int"
  /home/michael/projects/grader/src/mark_mate/analyzers/web_validation.py:920:44 - error: Cannot access attribute "append" for class "int"
  /home/michael/projects/grader/src/mark_mate/analyzers/web_validation.py:928:44 - error: Cannot access attribute "append" for class "int"
  /home/michael/projects/grader/src/mark_mate/analyzers/web_validation.py:932:50 - error: Cannot access attribute "append" for class "int"
  /home/michael/projects/grader/src/mark_mate/analyzers/web_validation.py:941:50 - error: Cannot access attribute "append" for class "int"
  /home/michael/projects/grader/src/mark_mate/analyzers/web_validation.py:946:50 - error: Cannot access attribute "append" for class "int"
  /home/michael/projects/grader/src/mark_mate/analyzers/web_validation.py:948:44 - error: Cannot access attribute "append" for class "int"
  /home/michael/projects/grader/src/mark_mate/analyzers/web_validation.py:953:44 - error: Cannot access attribute "append" for class "int"
  /home/michael/projects/grader/src/mark_mate/analyzers/web_validation.py:959:44 - error: Cannot access attribute "append" for class "int"
  /home/michael/projects/grader/src/mark_mate/analyzers/web_validation.py:969:21 - error: Argument of type "int | list[Unknown]" cannot be assigned to parameter "obj" of type "Sized" in function "len"
  /home/michael/projects/grader/src/mark_mate/analyzers/web_validation.py:970:23 - error: Argument of type "int | list[Unknown]" cannot be assigned to parameter "obj" of type "Sized" in function "len"
  /home/michael/projects/grader/src/mark_mate/analyzers/web_validation.py:974:13 - error: Argument of type "float" cannot be assigned to parameter "value" of type "int | list[Unknown]" in function "__setitem__"
  /home/michael/projects/grader/src/mark_mate/analyzers/web_validation.py:1002:17 - error: Operator "+=" not supported for types "str | int | bool" and "int"
  /home/michael/projects/grader/src/mark_mate/analyzers/web_validation.py:1042:32 - error: No overloads for "sum" match the provided arguments (reportCallIssue)
  /home/michael/projects/grader/src/mark_mate/analyzers/web_validation.py:1042:36 - error: Argument of type "list[int | str | bool | Unknown]" cannot be assigned to parameter "iterable" of type "Iterable[_SupportsSumNoDefaultT@sum]" in function "sum"
  /home/michael/projects/grader/src/mark_mate/analyzers/web_validation.py:1073:21 - error: Operator "+=" not supported for types "str | int | list[Unknown]" and "int"
  /home/michael/projects/grader/src/mark_mate/analyzers/web_validation.py:1083:17 - error: Argument of type "float" cannot be assigned to parameter "value" of type "str | int | list[Unknown]" in function "__setitem__"
  /home/michael/projects/grader/src/mark_mate/analyzers/web_validation.py:1086:16 - error: Operator "<=" not supported for types "str | int | Unknown | list[Unknown]" and "Literal[2]"
  /home/michael/projects/grader/src/mark_mate/analyzers/web_validation.py:1086:49 - error: Operator ">=" not supported for types "float | str | int | list[Unknown]" and "Literal[90]"
  /home/michael/projects/grader/src/mark_mate/analyzers/web_validation.py:1088:18 - error: Operator "<=" not supported for types "str | int | Unknown | list[Unknown]" and "Literal[5]"
  /home/michael/projects/grader/src/mark_mate/analyzers/web_validation.py:1088:51 - error: Operator ">=" not supported for types "float | str | int | list[Unknown]" and "Literal[70]"
  /home/michael/projects/grader/src/mark_mate/analyzers/web_validation.py:1090:18 - error: Operator "<=" not supported for types "str | int | Unknown | list[Unknown]" and "Literal[10]"
  /home/michael/projects/grader/src/mark_mate/analyzers/web_validation.py:1090:52 - error: Operator ">=" not supported for types "float | str | int | list[Unknown]" and "Literal[50]"
  /home/michael/projects/grader/src/mark_mate/analyzers/web_validation.py:1099:48 - error: Cannot access attribute "append" for class "str"
  /home/michael/projects/grader/src/mark_mate/analyzers/web_validation.py:1099:48 - error: Cannot access attribute "append" for class "int"
  /home/michael/projects/grader/src/mark_mate/analyzers/web_validation.py:1104:48 - error: Cannot access attribute "append" for class "str"
  /home/michael/projects/grader/src/mark_mate/analyzers/web_validation.py:1104:48 - error: Cannot access attribute "append" for class "int"
  /home/michael/projects/grader/src/mark_mate/analyzers/web_validation.py:1111:48 - error: Cannot access attribute "append" for class "str"
  /home/michael/projects/grader/src/mark_mate/analyzers/web_validation.py:1111:48 - error: Cannot access attribute "append" for class "int"
  /home/michael/projects/grader/src/mark_mate/analyzers/web_validation.py:1119:48 - error: Cannot access attribute "append" for class "str"
  /home/michael/projects/grader/src/mark_mate/analyzers/web_validation.py:1119:48 - error: Cannot access attribute "append" for class "int"
  /home/michael/projects/grader/src/mark_mate/analyzers/web_validation.py:1131:22 - error: Import "datetime" is not accessed (reportUnusedImport)
  /home/michael/projects/grader/src/mark_mate/cli/generate_config.py:388:45 - error: No overloads for "__getitem__" match the provided arguments (reportCallIssue)
  /home/michael/projects/grader/src/mark_mate/cli/generate_config.py:388:45 - error: Argument of type "Literal['runs_per_grader']" cannot be assigned to parameter "s" of type "slice[Any, Any, Any]" in function "__getitem__"
  /home/michael/projects/grader/src/mark_mate/cli/generate_config.py:389:46 - error: No overloads for "__getitem__" match the provided arguments (reportCallIssue)
  /home/michael/projects/grader/src/mark_mate/cli/generate_config.py:389:46 - error: Argument of type "Literal['averaging_method']" cannot be assigned to parameter "s" of type "slice[Any, Any, Any]" in function "__getitem__"
  /home/michael/projects/grader/src/mark_mate/cli/generate_config.py:391:43 - error: No overloads for "__getitem__" match the provided arguments (reportCallIssue)
  /home/michael/projects/grader/src/mark_mate/cli/generate_config.py:391:43 - error: Argument of type "Literal['max_cost_per_student']" cannot be assigned to parameter "s" of type "slice[Any, Any, Any]" in function "__getitem__"
  /home/michael/projects/grader/src/mark_mate/cli/generate_config.py:397:36 - error: Argument of type "Literal['provider']" cannot be assigned to parameter "key" of type "SupportsIndex | slice[Any, Any, Any]" in function "__getitem__"
  /home/michael/projects/grader/src/mark_mate/cli/grade.py:395:69 - error: Cannot access attribute "get" for class "str"
  /home/michael/projects/grader/src/mark_mate/cli/grade.py:395:69 - error: Cannot access attribute "get" for class "int"
  /home/michael/projects/grader/src/mark_mate/core/enhanced_grader.py:18:37 - error: Import "GraderConfig" is not accessed (reportUnusedImport)
  /home/michael/projects/grader/src/mark_mate/core/enhanced_grader.py:278:10 - error: Function with declared return type "dict[str, Any]" must return value on all code paths
  /home/michael/projects/grader/src/mark_mate/core/llm_provider.py:203:41 - error: Cannot access attribute "choices" for class "CustomStreamWrapper"
  /home/michael/projects/grader/src/mark_mate/core/llm_provider.py:203:52 - error: Cannot access attribute "message" for class "StreamingChoices"
  /home/michael/projects/grader/src/mark_mate/core/llm_provider.py:207:42 - error: Cannot access attribute "usage" for class "ModelResponse"
  /home/michael/projects/grader/src/mark_mate/core/llm_provider.py:207:42 - error: Cannot access attribute "usage" for class "CustomStreamWrapper"
  /home/michael/projects/grader/src/mark_mate/core/llm_provider.py:208:37 - error: Cannot access attribute "usage" for class "ModelResponse"
  /home/michael/projects/grader/src/mark_mate/core/llm_provider.py:208:37 - error: Cannot access attribute "usage" for class "CustomStreamWrapper"
  /home/michael/projects/grader/src/mark_mate/core/llm_provider.py:209:31 - error: Cannot access attribute "usage" for class "ModelResponse"
  /home/michael/projects/grader/src/mark_mate/core/llm_provider.py:209:31 - error: Cannot access attribute "usage" for class "CustomStreamWrapper"
  /home/michael/projects/grader/src/mark_mate/core/llm_provider.py:210:43 - error: Cannot access attribute "usage" for class "ModelResponse"
  /home/michael/projects/grader/src/mark_mate/core/llm_provider.py:210:43 - error: Cannot access attribute "usage" for class "CustomStreamWrapper"
  /home/michael/projects/grader/src/mark_mate/core/llm_provider.py:211:37 - error: Cannot access attribute "usage" for class "ModelResponse"
  /home/michael/projects/grader/src/mark_mate/core/llm_provider.py:211:37 - error: Cannot access attribute "usage" for class "CustomStreamWrapper"
  /home/michael/projects/grader/src/mark_mate/core/llm_provider.py:212:31 - error: Cannot access attribute "usage" for class "ModelResponse"
  /home/michael/projects/grader/src/mark_mate/core/llm_provider.py:212:31 - error: Cannot access attribute "usage" for class "CustomStreamWrapper"
  /home/michael/projects/grader/src/mark_mate/core/llm_provider.py:213:42 - error: Cannot access attribute "usage" for class "ModelResponse"
  /home/michael/projects/grader/src/mark_mate/core/llm_provider.py:213:42 - error: Cannot access attribute "usage" for class "CustomStreamWrapper"
  /home/michael/projects/grader/src/mark_mate/core/processor.py:259:41 - error: Cannot access attribute "append" for class "str"
  /home/michael/projects/grader/src/mark_mate/core/processor.py:259:41 - error: Cannot access attribute "append" for class "dict[Unknown, Unknown]"
  /home/michael/projects/grader/src/mark_mate/extractors/code_extractor.py:23:10 - error: Import "utils.encoding_utils" could not be resolved (reportMissingImports)
  /home/michael/projects/grader/src/mark_mate/extractors/code_extractor.py:34:10 - error: Import "analyzers.static_analysis" could not be resolved (reportMissingImports)
  /home/michael/projects/grader/src/mark_mate/extractors/code_extractor.py:57:44 - error: "StaticAnalyzer" is possibly unbound (reportPossiblyUnboundVariable)
  /home/michael/projects/grader/src/mark_mate/extractors/code_extractor.py:90:57 - error: "safe_read_text_file" is possibly unbound (reportPossiblyUnboundVariable)
  /home/michael/projects/grader/src/mark_mate/extractors/code_extractor.py:97:41 - error: "create_encoding_error_message" is possibly unbound (reportPossiblyUnboundVariable)
  /home/michael/projects/grader/src/mark_mate/extractors/github_extractor.py:47:9 - error: Method "can_extract" overrides class "BaseExtractor" in an incompatible manner
  /home/michael/projects/grader/src/mark_mate/extractors/github_extractor.py:68:9 - error: Method "extract_content" overrides class "BaseExtractor" in an incompatible manner
  /home/michael/projects/grader/src/mark_mate/extractors/github_extractor.py:432:31 - error: No overloads for "max" match the provided arguments (reportCallIssue)
  /home/michael/projects/grader/src/mark_mate/extractors/github_extractor.py:432:55 - error: Argument of type "Overload[(key: Unknown, default: None = None, /) -> (int | None), (key: Unknown, default: int, /) -> int, (key: Unknown, default: _T@get, /) -> (int | _T@get)]" cannot be assigned to parameter "key" of type "(_T@max) -> SupportsRichComparison" in function "max"
  /home/michael/projects/grader/src/mark_mate/extractors/github_extractor.py:689:21 - error: Operator "+=" not supported for types "int | defaultdict[Unknown, int]" and "Literal[1]"
  /home/michael/projects/grader/src/mark_mate/extractors/github_extractor.py:692:21 - error: "__getitem__" method not defined on type "int" (reportIndexIssue)
  /home/michael/projects/grader/src/mark_mate/extractors/github_extractor.py:692:21 - error: "__setitem__" method not defined on type "int" (reportIndexIssue)
  /home/michael/projects/grader/src/mark_mate/extractors/github_extractor.py:695:25 - error: Operator "+=" not supported for types "int | defaultdict[Unknown, int]" and "Literal[1]"
  /home/michael/projects/grader/src/mark_mate/extractors/github_extractor.py:697:25 - error: Operator "+=" not supported for types "int | defaultdict[Unknown, int]" and "Literal[1]"
  /home/michael/projects/grader/src/mark_mate/extractors/github_extractor.py:699:25 - error: Operator "+=" not supported for types "int | defaultdict[Unknown, int]" and "Literal[1]"
  /home/michael/projects/grader/src/mark_mate/extractors/github_extractor.py:702:13 - error: Argument of type "dict[bytes, bytes]" cannot be assigned to parameter "value" of type "int | defaultdict[Unknown, int]" in function "__setitem__"
  /home/michael/projects/grader/src/mark_mate/extractors/github_extractor.py:702:40 - error: No overloads for "__init__" match the provided arguments (reportCallIssue)
  /home/michael/projects/grader/src/mark_mate/extractors/github_extractor.py:702:45 - error: Argument of type "int | defaultdict[Unknown, int]" cannot be assigned to parameter "iterable" of type "Iterable[list[bytes]]" in function "__init__"
  /home/michael/projects/grader/src/mark_mate/extractors/office_extractor.py:22:5 - error: "PANDAS_AVAILABLE" is constant (because it is uppercase) and cannot be redefined (reportConstantRedefinition)
  /home/michael/projects/grader/src/mark_mate/extractors/office_extractor.py:30:5 - error: "PPTX_AVAILABLE" is constant (because it is uppercase) and cannot be redefined (reportConstantRedefinition)
  /home/michael/projects/grader/src/mark_mate/extractors/office_extractor.py:37:5 - error: "OPENPYXL_AVAILABLE" is constant (because it is uppercase) and cannot be redefined (reportConstantRedefinition)
  /home/michael/projects/grader/src/mark_mate/extractors/office_extractor.py:109:28 - error: "Presentation" is possibly unbound (reportPossiblyUnboundVariable)
  /home/michael/projects/grader/src/mark_mate/extractors/office_extractor.py:124:57 - error: Cannot access attribute "text" for class "BaseShape"
  /home/michael/projects/grader/src/mark_mate/extractors/office_extractor.py:125:38 - error: Cannot access attribute "text" for class "BaseShape"
  /home/michael/projects/grader/src/mark_mate/extractors/office_extractor.py:195:34 - error: "pd" is possibly unbound (reportPossiblyUnboundVariable)
  /home/michael/projects/grader/src/mark_mate/extractors/office_extractor.py:262:24 - error: "load_workbook" is possibly unbound (reportPossiblyUnboundVariable)
  /home/michael/projects/grader/src/mark_mate/extractors/office_extractor.py:337:30 - error: "pd" is possibly unbound (reportPossiblyUnboundVariable)
  /home/michael/projects/grader/src/mark_mate/extractors/office_extractor.py:363:31 - error: "select_dtypes" is not a known attribute of "None" (reportOptionalMemberAccess)
  /home/michael/projects/grader/src/mark_mate/extractors/office_extractor.py:365:17 - error: "analysis" is possibly unbound (reportPossiblyUnboundVariable)
  /home/michael/projects/grader/src/mark_mate/extractors/office_extractor.py:365:47 - error: Object of type "None" is not subscriptable (reportOptionalSubscript)
  /home/michael/projects/grader/src/mark_mate/extractors/office_extractor.py:368:13 - error: "analysis" is possibly unbound (reportPossiblyUnboundVariable)
  /home/michael/projects/grader/src/mark_mate/extractors/office_extractor.py:369:36 - error: "head" is not a known attribute of "None" (reportOptionalMemberAccess)
  /home/michael/projects/grader/src/mark_mate/extractors/office_extractor.py:370:35 - error: "tail" is not a known attribute of "None" (reportOptionalMemberAccess)
  /home/michael/projects/grader/src/mark_mate/extractors/office_extractor.py:370:60 - error: Argument of type "DataFrame | None" cannot be assigned to parameter "obj" of type "Sized" in function "len"
  /home/michael/projects/grader/src/mark_mate/extractors/office_extractor.py:376:17 - error: "shape" is not a known attribute of "None" (reportOptionalMemberAccess)
  /home/michael/projects/grader/src/mark_mate/extractors/office_extractor.py:376:38 - error: "shape" is not a known attribute of "None" (reportOptionalMemberAccess)
  /home/michael/projects/grader/src/mark_mate/extractors/office_extractor.py:378:13 - error: "analysis" is possibly unbound (reportPossiblyUnboundVariable)
  /home/michael/projects/grader/src/mark_mate/extractors/office_extractor.py:381:15 - error: "columns" is not a known attribute of "None" (reportOptionalMemberAccess)
  /home/michael/projects/grader/src/mark_mate/extractors/office_extractor.py:387:27 - error: "columns" is not a known attribute of "None" (reportOptionalMemberAccess)
  /home/michael/projects/grader/src/mark_mate/extractors/office_extractor.py:388:28 - error: Object of type "None" is not subscriptable (reportOptionalSubscript)
  /home/michael/projects/grader/src/mark_mate/extractors/office_extractor.py:388:28 - error: "analysis" is possibly unbound (reportPossiblyUnboundVariable)
  /home/michael/projects/grader/src/mark_mate/extractors/office_extractor.py:391:51 - error: "head" is not a known attribute of "None" (reportOptionalMemberAccess)
  /home/michael/projects/grader/src/mark_mate/extractors/office_extractor.py:393:20 - error: Argument of type "DataFrame | None" cannot be assigned to parameter "obj" of type "Sized" in function "len"
  /home/michael/projects/grader/src/mark_mate/extractors/office_extractor.py:394:54 - error: "tail" is not a known attribute of "None" (reportOptionalMemberAccess)
  /home/michael/projects/grader/src/mark_mate/extractors/office_extractor.py:396:71 - error: "analysis" is possibly unbound (reportPossiblyUnboundVariable)
  /home/michael/projects/grader/src/mark_mate/extractors/react_extractor.py:22:10 - error: Import "analyzers.react_analysis" could not be resolved (reportMissingImports)
  /home/michael/projects/grader/src/mark_mate/extractors/react_extractor.py:30:5 - error: "REACT_ANALYZERS_AVAILABLE" is constant (because it is uppercase) and cannot be redefined (reportConstantRedefinition)
  /home/michael/projects/grader/src/mark_mate/extractors/react_extractor.py:56:39 - error: "ReactAnalyzer" is possibly unbound (reportPossiblyUnboundVariable)
  /home/michael/projects/grader/src/mark_mate/extractors/react_extractor.py:57:44 - error: "TypeScriptAnalyzer" is possibly unbound (reportPossiblyUnboundVariable)
  /home/michael/projects/grader/src/mark_mate/extractors/react_extractor.py:58:39 - error: "BuildConfigAnalyzer" is possibly unbound (reportPossiblyUnboundVariable)
  /home/michael/projects/grader/src/mark_mate/extractors/react_extractor.py:410:24 - error: Operator "+" not supported for types "Any | Unknown | str | list[Any] | int" and "Any | Unknown | str | list[Any] | int"
  /home/michael/projects/grader/src/mark_mate/extractors/react_extractor.py:411:17 - error: "__getitem__" method not defined on type "bool" (reportIndexIssue)
  /home/michael/projects/grader/src/mark_mate/extractors/react_extractor.py:411:17 - error: Argument of type "Literal['production']" cannot be assigned to parameter "key" of type "SupportsIndex | slice[Any, Any, Any]" in function "__getitem__"
  /home/michael/projects/grader/src/mark_mate/extractors/react_extractor.py:411:17 - error: No overloads for "__getitem__" match the provided arguments (reportCallIssue)
  /home/michael/projects/grader/src/mark_mate/extractors/react_extractor.py:411:17 - error: Argument of type "Literal['production']" cannot be assigned to parameter "s" of type "slice[Any, Any, Any]" in function "__getitem__"
  /home/michael/projects/grader/src/mark_mate/extractors/react_extractor.py:412:19 - error: "__getitem__" method not defined on type "bool" (reportIndexIssue)
  /home/michael/projects/grader/src/mark_mate/extractors/react_extractor.py:412:19 - error: Argument of type "Literal['development']" cannot be assigned to parameter "key" of type "SupportsIndex | slice[Any, Any, Any]" in function "__getitem__"
  /home/michael/projects/grader/src/mark_mate/extractors/react_extractor.py:412:19 - error: No overloads for "__getitem__" match the provided arguments (reportCallIssue)
  /home/michael/projects/grader/src/mark_mate/extractors/react_extractor.py:412:19 - error: Argument of type "Literal['development']" cannot be assigned to parameter "s" of type "slice[Any, Any, Any]" in function "__getitem__"
  /home/michael/projects/grader/src/mark_mate/extractors/react_extractor.py:414:16 - error: Operator "in" not supported for types "Literal['react']" and "Any | Unknown | str | list[Any] | int"
  /home/michael/projects/grader/src/mark_mate/extractors/react_extractor.py:414:39 - error: Operator "in" not supported for types "Literal['@types/react']" and "Any | Unknown | str | list[Any] | int"
  /home/michael/projects/grader/src/mark_mate/extractors/react_extractor.py:420:17 - error: Operator "in" not supported for types "Literal['typescript']" and "Any | Unknown | str | list[Any] | int"
  /home/michael/projects/grader/src/mark_mate/extractors/react_extractor.py:421:20 - error: Operator "in" not supported for types "Literal['@types/node']" and "Any | Unknown | str | list[Any] | int"
  /home/michael/projects/grader/src/mark_mate/extractors/react_extractor.py:422:61 - error: "int" is not iterable
  /home/michael/projects/grader/src/mark_mate/extractors/react_extractor.py:427:16 - error: Operator "in" not supported for types "Literal['vite']" and "Any | Unknown | str | list[Any] | int"
  /home/michael/projects/grader/src/mark_mate/extractors/react_extractor.py:429:18 - error: Operator "in" not supported for types "Literal['webpack']" and "Any | Unknown | str | list[Any] | int"
  /home/michael/projects/grader/src/mark_mate/extractors/react_extractor.py:431:18 - error: Operator "in" not supported for types "Literal['create-react-app']" and "Any | Unknown | str | list[Any] | int"
  /home/michael/projects/grader/src/mark_mate/extractors/react_extractor.py:431:52 - error: Operator "in" not supported for types "Literal['react-scripts']" and "Any | Unknown | str | list[Any] | int"
  /home/michael/projects/grader/src/mark_mate/extractors/react_extractor.py:433:18 - error: Operator "in" not supported for types "Literal['next']" and "Any | Unknown | str | list[Any] | int"
  /home/michael/projects/grader/src/mark_mate/extractors/react_extractor.py:441:32 - error: "int" is not iterable
  /home/michael/projects/grader/src/mark_mate/extractors/react_extractor.py:443:63 - error: "int" is not iterable
  /home/michael/projects/grader/src/mark_mate/extractors/react_extractor.py:444:68 - error: "int" is not iterable
  /home/michael/projects/grader/src/mark_mate/extractors/react_extractor.py:447:53 - error: "bool" is not iterable
  /home/michael/projects/grader/src/mark_mate/extractors/react_extractor.py:451:35 - error: "bool" is not iterable
  /home/michael/projects/grader/src/mark_mate/extractors/react_extractor.py:541:44 - error: Cannot access attribute "append" for class "str"
  /home/michael/projects/grader/src/mark_mate/extractors/react_extractor.py:541:44 - error: Cannot access attribute "append" for class "bool"
  /home/michael/projects/grader/src/mark_mate/extractors/react_extractor.py:562:36 - error: Argument of type "str | bool | list[Unknown]" cannot be assigned to parameter "obj" of type "Sized" in function "len"
  /home/michael/projects/grader/src/mark_mate/extractors/react_extractor.py:906:60 - error: Cannot access attribute "append" for class "int"
  /home/michael/projects/grader/src/mark_mate/extractors/react_extractor.py:906:60 - error: Cannot access attribute "append" for class "dict[str, int | bool | str]"
  /home/michael/projects/grader/src/mark_mate/extractors/react_extractor.py:906:60 - error: Cannot access attribute "append" for class "dict[str, bool | str]"
  /home/michael/projects/grader/src/mark_mate/extractors/react_extractor.py:906:60 - error: Cannot access attribute "append" for class "dict[str, str | int]"
  /home/michael/projects/grader/src/mark_mate/extractors/react_extractor.py:918:29 - error: "__getitem__" method not defined on type "int" (reportIndexIssue)
  /home/michael/projects/grader/src/mark_mate/extractors/react_extractor.py:918:29 - error: No overloads for "__getitem__" match the provided arguments (reportCallIssue)
  /home/michael/projects/grader/src/mark_mate/extractors/react_extractor.py:918:29 - error: Argument of type "Literal['react_components']" cannot be assigned to parameter "s" of type "slice[Any, Any, Any]" in function "__getitem__"
  /home/michael/projects/grader/src/mark_mate/extractors/react_extractor.py:918:29 - error: "__setitem__" method not defined on type "int" (reportIndexIssue)
  /home/michael/projects/grader/src/mark_mate/extractors/react_extractor.py:918:29 - error: Operator "+=" not supported for types "Unknown | int | bool | str" and "Literal[1]"
  /home/michael/projects/grader/src/mark_mate/extractors/react_extractor.py:918:29 - error: Argument of type "Unknown | int" cannot be assigned to parameter "value" of type "bool | str" in function "__setitem__"
  /home/michael/projects/grader/src/mark_mate/extractors/react_extractor.py:918:29 - error: No overloads for "__setitem__" match the provided arguments (reportCallIssue)
  /home/michael/projects/grader/src/mark_mate/extractors/react_extractor.py:918:29 - error: Argument of type "Literal['react_components']" cannot be assigned to parameter "key" of type "SupportsIndex" in function "__setitem__"
  /home/michael/projects/grader/src/mark_mate/extractors/react_extractor.py:921:29 - error: "__setitem__" method not defined on type "int" (reportIndexIssue)
  /home/michael/projects/grader/src/mark_mate/extractors/react_extractor.py:921:29 - error: No overloads for "__setitem__" match the provided arguments (reportCallIssue)
  /home/michael/projects/grader/src/mark_mate/extractors/react_extractor.py:921:29 - error: Argument of type "Literal['react']" cannot be assigned to parameter "key" of type "SupportsIndex" in function "__setitem__"
  /home/michael/projects/grader/src/mark_mate/extractors/react_extractor.py:924:33 - error: "__setitem__" method not defined on type "int" (reportIndexIssue)
  /home/michael/projects/grader/src/mark_mate/extractors/react_extractor.py:924:33 - error: No overloads for "__setitem__" match the provided arguments (reportCallIssue)
  /home/michael/projects/grader/src/mark_mate/extractors/react_extractor.py:924:33 - error: Argument of type "Literal['typescript']" cannot be assigned to parameter "key" of type "SupportsIndex" in function "__setitem__"
  /home/michael/projects/grader/src/mark_mate/extractors/react_extractor.py:929:29 - error: "__getitem__" method not defined on type "int" (reportIndexIssue)
  /home/michael/projects/grader/src/mark_mate/extractors/react_extractor.py:929:29 - error: No overloads for "__getitem__" match the provided arguments (reportCallIssue)
  /home/michael/projects/grader/src/mark_mate/extractors/react_extractor.py:929:29 - error: Argument of type "Literal['typescript_files']" cannot be assigned to parameter "s" of type "slice[Any, Any, Any]" in function "__getitem__"
  /home/michael/projects/grader/src/mark_mate/extractors/react_extractor.py:929:29 - error: "__setitem__" method not defined on type "int" (reportIndexIssue)
  /home/michael/projects/grader/src/mark_mate/extractors/react_extractor.py:929:29 - error: Operator "+=" not supported for types "Unknown | int | bool | str" and "Literal[1]"
  /home/michael/projects/grader/src/mark_mate/extractors/react_extractor.py:929:29 - error: Argument of type "Unknown | int" cannot be assigned to parameter "value" of type "bool | str" in function "__setitem__"
  /home/michael/projects/grader/src/mark_mate/extractors/react_extractor.py:929:29 - error: No overloads for "__setitem__" match the provided arguments (reportCallIssue)
  /home/michael/projects/grader/src/mark_mate/extractors/react_extractor.py:929:29 - error: Argument of type "Literal['typescript_files']" cannot be assigned to parameter "key" of type "SupportsIndex" in function "__setitem__"
  /home/michael/projects/grader/src/mark_mate/extractors/react_extractor.py:932:29 - error: "__setitem__" method not defined on type "int" (reportIndexIssue)
  /home/michael/projects/grader/src/mark_mate/extractors/react_extractor.py:932:29 - error: No overloads for "__setitem__" match the provided arguments (reportCallIssue)
  /home/michael/projects/grader/src/mark_mate/extractors/react_extractor.py:932:29 - error: Argument of type "Literal['typescript']" cannot be assigned to parameter "key" of type "SupportsIndex" in function "__setitem__"
  /home/michael/projects/grader/src/mark_mate/extractors/react_extractor.py:935:29 - error: "__setitem__" method not defined on type "int" (reportIndexIssue)
  /home/michael/projects/grader/src/mark_mate/extractors/react_extractor.py:935:29 - error: No overloads for "__setitem__" match the provided arguments (reportCallIssue)
  /home/michael/projects/grader/src/mark_mate/extractors/react_extractor.py:935:29 - error: Argument of type "Literal['has_package_json']" cannot be assigned to parameter "key" of type "SupportsIndex" in function "__setitem__"
  /home/michael/projects/grader/src/mark_mate/extractors/react_extractor.py:939:29 - error: "__setitem__" method not defined on type "int" (reportIndexIssue)
  /home/michael/projects/grader/src/mark_mate/extractors/react_extractor.py:939:29 - error: No overloads for "__setitem__" match the provided arguments (reportCallIssue)
  /home/michael/projects/grader/src/mark_mate/extractors/react_extractor.py:939:29 - error: Argument of type "Literal['build_tool']" cannot be assigned to parameter "key" of type "slice[Any, Any, Any]" in function "__setitem__"
  /home/michael/projects/grader/src/mark_mate/extractors/react_extractor.py:942:29 - error: "__setitem__" method not defined on type "int" (reportIndexIssue)
  /home/michael/projects/grader/src/mark_mate/extractors/react_extractor.py:942:29 - error: No overloads for "__setitem__" match the provided arguments (reportCallIssue)
  /home/michael/projects/grader/src/mark_mate/extractors/react_extractor.py:942:29 - error: Argument of type "Literal['framework_type']" cannot be assigned to parameter "key" of type "slice[Any, Any, Any]" in function "__setitem__"
  /home/michael/projects/grader/src/mark_mate/extractors/react_extractor.py:945:29 - error: "__setitem__" method not defined on type "int" (reportIndexIssue)
  /home/michael/projects/grader/src/mark_mate/extractors/react_extractor.py:945:29 - error: No overloads for "__setitem__" match the provided arguments (reportCallIssue)
  /home/michael/projects/grader/src/mark_mate/extractors/react_extractor.py:945:29 - error: Argument of type "Literal['build_tool']" cannot be assigned to parameter "key" of type "slice[Any, Any, Any]" in function "__setitem__"
  /home/michael/projects/grader/src/mark_mate/extractors/react_extractor.py:950:29 - error: "__getitem__" method not defined on type "int" (reportIndexIssue)
  /home/michael/projects/grader/src/mark_mate/extractors/react_extractor.py:950:29 - error: No overloads for "__getitem__" match the provided arguments (reportCallIssue)
  /home/michael/projects/grader/src/mark_mate/extractors/react_extractor.py:950:29 - error: Argument of type "Literal['config_files']" cannot be assigned to parameter "s" of type "slice[Any, Any, Any]" in function "__getitem__"
  /home/michael/projects/grader/src/mark_mate/extractors/react_extractor.py:950:29 - error: "__setitem__" method not defined on type "int" (reportIndexIssue)
  /home/michael/projects/grader/src/mark_mate/extractors/react_extractor.py:950:29 - error: Operator "+=" not supported for types "Unknown | int | bool | str" and "Literal[1]"
  /home/michael/projects/grader/src/mark_mate/extractors/react_extractor.py:950:29 - error: Argument of type "Unknown | int" cannot be assigned to parameter "value" of type "bool | str" in function "__setitem__"
  /home/michael/projects/grader/src/mark_mate/extractors/react_extractor.py:950:29 - error: No overloads for "__setitem__" match the provided arguments (reportCallIssue)
  /home/michael/projects/grader/src/mark_mate/extractors/react_extractor.py:950:29 - error: Argument of type "Literal['config_files']" cannot be assigned to parameter "key" of type "SupportsIndex" in function "__setitem__"
  /home/michael/projects/grader/src/mark_mate/extractors/web_extractor.py:21:5 - error: "BEAUTIFULSOUP_AVAILABLE" is constant (because it is uppercase) and cannot be redefined (reportConstantRedefinition)
  /home/michael/projects/grader/src/mark_mate/extractors/web_extractor.py:24:12 - error: Import "html5lib" is not accessed (reportUnusedImport)
  /home/michael/projects/grader/src/mark_mate/extractors/web_extractor.py:28:5 - error: "HTML5LIB_AVAILABLE" is constant (because it is uppercase) and cannot be redefined (reportConstantRedefinition)
  /home/michael/projects/grader/src/mark_mate/extractors/web_extractor.py:31:12 - error: Import "cssutils" is not accessed (reportUnusedImport)
  /home/michael/projects/grader/src/mark_mate/extractors/web_extractor.py:35:5 - error: "CSSUTILS_AVAILABLE" is constant (because it is uppercase) and cannot be redefined (reportConstantRedefinition)
  /home/michael/projects/grader/src/mark_mate/extractors/web_extractor.py:38:12 - error: Import "requests" is not accessed (reportUnusedImport)
  /home/michael/projects/grader/src/mark_mate/extractors/web_extractor.py:42:5 - error: "REQUESTS_AVAILABLE" is constant (because it is uppercase) and cannot be redefined (reportConstantRedefinition)
  /home/michael/projects/grader/src/mark_mate/extractors/web_extractor.py:51:10 - error: Import "analyzers.web_validation" could not be resolved (reportMissingImports)
  /home/michael/projects/grader/src/mark_mate/extractors/web_extractor.py:55:5 - error: "WEB_ANALYZERS_AVAILABLE" is constant (because it is uppercase) and cannot be redefined (reportConstantRedefinition)
  /home/michael/projects/grader/src/mark_mate/extractors/web_extractor.py:77:39 - error: "HTMLValidator" is possibly unbound (reportPossiblyUnboundVariable)
  /home/michael/projects/grader/src/mark_mate/extractors/web_extractor.py:78:37 - error: "CSSAnalyzer" is possibly unbound (reportPossiblyUnboundVariable)
  /home/michael/projects/grader/src/mark_mate/extractors/web_extractor.py:79:36 - error: "JSAnalyzer" is possibly unbound (reportPossiblyUnboundVariable)
  /home/michael/projects/grader/src/mark_mate/extractors/web_extractor.py:281:20 - error: "BeautifulSoup" is possibly unbound (reportPossiblyUnboundVariable)
  /home/michael/projects/grader/src/mark_mate/extractors/web_extractor.py:288:45 - error: "get_text" is not a known attribute of "None" (reportOptionalMemberAccess)
  /home/michael/projects/grader/src/mark_mate/extractors/web_extractor.py:317:65 - error: Cannot access attribute "get" for class "PageElement"
  /home/michael/projects/grader/src/mark_mate/extractors/web_extractor.py:317:65 - error: Cannot access attribute "get" for class "NavigableString"
  /home/michael/projects/grader/src/mark_mate/extractors/web_extractor.py:320:65 - error: Cannot access attribute "get" for class "PageElement"
  /home/michael/projects/grader/src/mark_mate/extractors/web_extractor.py:320:65 - error: Cannot access attribute "get" for class "NavigableString"
  /home/michael/projects/grader/src/mark_mate/extractors/web_extractor.py:340:63 - error: Cannot access attribute "values" for class "bool"
  /home/michael/projects/grader/src/mark_mate/extractors/web_extractor.py:340:63 - error: Cannot access attribute "values" for class "str"
  /home/michael/projects/grader/src/mark_mate/extractors/web_extractor.py:340:63 - error: "values" is not a known attribute of "None" (reportOptionalMemberAccess)
  /home/michael/projects/grader/src/mark_mate/extractors/web_extractor.py:340:63 - error: Cannot access attribute "values" for class "int"
  /home/michael/projects/grader/src/mark_mate/extractors/web_extractor.py:341:70 - error: Cannot access attribute "values" for class "bool"
  /home/michael/projects/grader/src/mark_mate/extractors/web_extractor.py:341:70 - error: Cannot access attribute "values" for class "str"
  /home/michael/projects/grader/src/mark_mate/extractors/web_extractor.py:341:70 - error: "values" is not a known attribute of "None" (reportOptionalMemberAccess)
  /home/michael/projects/grader/src/mark_mate/extractors/web_extractor.py:341:70 - error: Cannot access attribute "values" for class "int"
  /home/michael/projects/grader/src/mark_mate/extractors/web_extractor.py:398:13 - error: Argument of type "dict[str, Unknown | bool | dict[str, int] | int]" cannot be assigned to parameter "value" of type "dict[str, int] | int | bool" in function "__setitem__"
  /home/michael/projects/grader/src/mark_mate/extractors/web_extractor.py:399:32 - error: Operator ">" not supported for types "dict[str, int] | int | bool" and "Literal[0]"
  /home/michael/projects/grader/src/mark_mate/extractors/web_extractor.py:400:38 - error: Operator ">" not supported for types "dict[str, int] | int | bool" and "Literal[0]"
  /home/michael/projects/grader/src/mark_mate/extractors/web_extractor.py:404:33 - error: Operator ">" not supported for types "dict[str, int] | int | bool" and "Literal[0]"
  /home/michael/projects/grader/src/mark_mate/extractors/web_extractor.py:474:36 - error: "__getitem__" method not defined on type "int" (reportIndexIssue)
  /home/michael/projects/grader/src/mark_mate/extractors/web_extractor.py:480:28 - error: "__getitem__" method not defined on type "int" (reportIndexIssue)
  /home/michael/projects/grader/src/mark_mate/extractors/web_extractor.py:488:21 - error: "__getitem__" method not defined on type "int" (reportIndexIssue)
  /home/michael/projects/grader/src/mark_mate/extractors/web_extractor.py:489:23 - error: "__getitem__" method not defined on type "int" (reportIndexIssue)
  /home/michael/projects/grader/src/mark_mate/extractors/web_extractor.py:493:35 - error: "__getitem__" method not defined on type "int" (reportIndexIssue)
